Warning 1 of 8:

  in module [33mMain[0m
  at tests/purs/warning/UnusedVar.purs:15:19 - 15:37 (line 15, column 19 - line 15, column 37)

    Name [33mlambdaUnused[0m was introduced but not used.

  in value declaration [33munusedInLambda[0m

  See https://github.com/purescript/documentation/blob/master/errors/UnusedName.md for more information,
  or to contribute content related to this warning.

Warning 2 of 8:

  in module [33mMain[0m
  at tests/purs/warning/UnusedVar.purs:19:3 - 20:4 (line 19, column 3 - line 20, column 4)

    Name [33mletUnused[0m was introduced but not used.

  in value declaration [33munusedLetName[0m

  See https://github.com/purescript/documentation/blob/master/errors/UnusedName.md for more information,
  or to contribute content related to this warning.

Warning 3 of 8:

  in module [33mMain[0m
  at tests/purs/warning/UnusedVar.purs:24:3 - 24:4 (line 24, column 3 - line 24, column 4)

    Name [33mwhereUnused[0m was introduced but not used.

  in value declaration [33munusedWhereIsLet[0m

  See https://github.com/purescript/documentation/blob/master/errors/UnusedName.md for more information,
  or to contribute content related to this warning.

Warning 4 of 8:

  in module [33mMain[0m
  at tests/purs/warning/UnusedVar.purs:29:7 - 29:27 (line 29, column 7 - line 29, column 27)

    Name [33mletArgUnused[0m was introduced but not used.

  in value declaration [33munusedLetArgument[0m

  See https://github.com/purescript/documentation/blob/master/errors/UnusedName.md for more information,
  or to contribute content related to this warning.

Warning 5 of 8:

  in module [33mMain[0m
  at tests/purs/warning/UnusedVar.purs:42:3 - 43:20 (line 42, column 3 - line 43, column 20)

    Name [33mcaseUnused[0m was introduced but not used.

  in value declaration [33munusedCaseBinder[0m

  See https://github.com/purescript/documentation/blob/master/errors/UnusedName.md for more information,
  or to contribute content related to this warning.

Warning 6 of 8:

  in module [33mMain[0m
  at tests/purs/warning/UnusedVar.purs:61:1 - 63:9 (line 61, column 1 - line 63, column 9)

    Name [33mx[0m was introduced but not used.

  in value declaration [33munusedShadowedByRecursiveBinding[0m

  See https://github.com/purescript/documentation/blob/master/errors/UnusedName.md for more information,
  or to contribute content related to this warning.

Warning 7 of 8:

  in module [33mMain[0m
  at tests/purs/warning/UnusedVar.purs:68:3 - 69:7 (line 68, column 3 - line 69, column 7)

    Name [33mx[0m was introduced but not used.

  in value declaration [33munusedShadowingLet[0m

  See https://github.com/purescript/documentation/blob/master/errors/UnusedName.md for more information,
  or to contribute content related to this warning.

Warning 8 of 8:

  in module [33mMain[0m
  at tests/purs/warning/UnusedVar.purs:62:7 - 62:16 (line 62, column 7 - line 62, column 16)

    Name [33mx[0m was shadowed.

  in value declaration [33munusedShadowedByRecursiveBinding[0m

  See https://github.com/purescript/documentation/blob/master/errors/ShadowedName.md for more information,
  or to contribute content related to this warning.

